<?xml version="1.0" encoding="utf-8" ?>
<result>
	<nb_conversions>2</nb_conversions>
	<nb_visits_converted>2</nb_visits_converted>
	<conversion_rate>66</conversion_rate>
	<revenue>5020</revenue>
	<items>8</items>
</result>